,record,event_id,record_attributes,record_type,resource_attributes,start_timestamp,timestamp,trace
0,"{'name': 'root', 'kind': 1, 'parent_span_id': '', 'status': 'STATUS_CODE_UNSET'}",5838141193517460586,"{'name': 'root', 'ai.observability.span_type': 'record_root', 'ai.observability.app_name': 'default_app', 'ai.observability.app_version': 'base', 'ai.observability.record_id': 'abb6e535-a95f-43d0-a168-85eec0c7dbe4', 'ai.observability.run_name': 'test run', 'ai.observability.input_id': '42'}",EventRecordType.SPAN,"{'telemetry.sdk.language': 'python', 'telemetry.sdk.name': 'opentelemetry', 'telemetry.sdk.version': '1.30.0', 'service.name': 'trulens'}",2025-02-10 09:18:48.055387,2025-02-10 09:18:48.055507,"{'trace_id': '80806825961956012400545945279726828685', 'parent_id': '', 'span_id': '5838141193517460586'}"
1,"{'name': 'trulens.apps.basic.TruWrapperApp._call', 'kind': 1, 'parent_span_id': '5838141193517460586', 'status': 'STATUS_CODE_UNSET'}",9661108261198835396,"{'name': 'trulens.apps.basic.TruWrapperApp._call', 'ai.observability.span_type': 'unknown', 'ai.observability.app_name': 'default_app', 'ai.observability.app_version': 'base', 'ai.observability.record_id': 'abb6e535-a95f-43d0-a168-85eec0c7dbe4', 'ai.observability.run_name': 'test run', 'ai.observability.input_id': '42', 'ai.observability.call.return': 'Hi, Kojikun!', 'ai.observability.call.kwargs.args': ['Kojikun']}",EventRecordType.SPAN,"{'telemetry.sdk.language': 'python', 'telemetry.sdk.name': 'opentelemetry', 'telemetry.sdk.version': '1.30.0', 'service.name': 'trulens'}",2025-02-10 09:18:48.055440,2025-02-10 09:18:48.055493,"{'trace_id': '80806825961956012400545945279726828685', 'parent_id': '5838141193517460586', 'span_id': '9661108261198835396'}"
