{
  "app_id": "app_hash_f23a545202d08b8ef32f8d992cf79e7e",
  "calls": [
    {
      "args": {
        "data": "hello"
      },
      "call_id": "efe0fe5e-f297-44c6-8cb2-c92ce1f00fda",
      "error": null,
      "perf": {
        "end_time": "2024-10-03T15:27:27.316503",
        "start_time": "2024-10-03T15:27:27.315558"
      },
      "pid": 84831,
      "rets": "Record placeholder",
      "stack": [
        {
          "method": {
            "name": "respond_to_query",
            "obj": {
              "cls": {
                "bases": null,
                "module": {
                  "module_name": "examples.dev.dummy_app.app",
                  "package_name": "examples.dev.dummy_app"
                },
                "name": "DummyApp"
              },
              "id": 14055508624,
              "init_bindings": null
            }
          },
          "path": "app"
        },
        {
          "method": {
            "name": "invoke",
            "obj": {
              "cls": {
                "bases": null,
                "module": {
                  "module_name": "examples.dev.dummy_app.agent",
                  "package_name": "examples.dev.dummy_app"
                },
                "name": "DummyAgent"
              },
              "id": 5769083472,
              "init_bindings": null
            }
          },
          "path": "app.agents[0]"
        }
      ],
      "tid": 17185162
    },
    {
      "args": {
        "data": "hello"
      },
      "call_id": "c0988484-52ee-4d2c-b277-34fccef655b4",
      "error": null,
      "perf": {
        "end_time": "2024-10-03T15:27:27.320349",
        "start_time": "2024-10-03T15:27:27.319494"
      },
      "pid": 84831,
      "rets": "Record placeholder",
      "stack": [
        {
          "method": {
            "name": "respond_to_query",
            "obj": {
              "cls": {
                "bases": null,
                "module": {
                  "module_name": "examples.dev.dummy_app.app",
                  "package_name": "examples.dev.dummy_app"
                },
                "name": "DummyApp"
              },
              "id": 14055508624,
              "init_bindings": null
            }
          },
          "path": "app"
        },
        {
          "method": {
            "name": "invoke",
            "obj": {
              "cls": {
                "bases": null,
                "module": {
                  "module_name": "examples.dev.dummy_app.agent",
                  "package_name": "examples.dev.dummy_app"
                },
                "name": "DummyAgent"
              },
              "id": 5769083472,
              "init_bindings": null
            }
          },
          "path": "app.agents[1]"
        }
      ],
      "tid": 17185162
    },
    {
      "args": {
        "data": "hello"
      },
      "call_id": "729f5c0a-254f-4692-af19-8d20ab1adb4e",
      "error": null,
      "perf": {
        "end_time": "2024-10-03T15:27:27.327854",
        "start_time": "2024-10-03T15:27:27.326905"
      },
      "pid": 84831,
      "rets": [
        "Relevant chunk: HELLO",
        "Relevant chunk: olleholleholleh"
      ],
      "stack": [
        {
          "method": {
            "name": "respond_to_query",
            "obj": {
              "cls": {
                "bases": null,
                "module": {
                  "module_name": "examples.dev.dummy_app.app",
                  "package_name": "examples.dev.dummy_app"
                },
                "name": "DummyApp"
              },
              "id": 14055508624,
              "init_bindings": null
            }
          },
          "path": "app"
        },
        {
          "method": {
            "name": "get_context",
            "obj": {
              "cls": {
                "bases": null,
                "module": {
                  "module_name": "examples.dev.dummy_app.app",
                  "package_name": "examples.dev.dummy_app"
                },
                "name": "DummyApp"
              },
              "id": 14055508624,
              "init_bindings": null
            }
          },
          "path": "app"
        },
        {
          "method": {
            "name": "retrieve_chunks",
            "obj": {
              "cls": {
                "bases": null,
                "module": {
                  "module_name": "examples.dev.dummy_app.retriever",
                  "package_name": "examples.dev.dummy_app"
                },
                "name": "DummyRetriever"
              },
              "id": 5769071824,
              "init_bindings": null
            }
          },
          "path": "app.retriever"
        }
      ],
      "tid": 17185162
    },
    {
      "args": {
        "chunk_scores": null,
        "chunks": [
          "Relevant chunk: HELLO",
          "Relevant chunk: olleholleholleh"
        ],
        "query_text": "hello"
      },
      "call_id": "969ac314-86f5-4780-924d-20a8a0f2e0d5",
      "error": null,
      "perf": {
        "end_time": "2024-10-03T15:27:27.331925",
        "start_time": "2024-10-03T15:27:27.330973"
      },
      "pid": 84831,
      "rets": [
        [
          "Relevant chunk: HELLO",
          16.0
        ],
        [
          "Relevant chunk: olleholleholleh",
          26.0
        ]
      ],
      "stack": [
        {
          "method": {
            "name": "respond_to_query",
            "obj": {
              "cls": {
                "bases": null,
                "module": {
                  "module_name": "examples.dev.dummy_app.app",
                  "package_name": "examples.dev.dummy_app"
                },
                "name": "DummyApp"
              },
              "id": 14055508624,
              "init_bindings": null
            }
          },
          "path": "app"
        },
        {
          "method": {
            "name": "get_context",
            "obj": {
              "cls": {
                "bases": null,
                "module": {
                  "module_name": "examples.dev.dummy_app.app",
                  "package_name": "examples.dev.dummy_app"
                },
                "name": "DummyApp"
              },
              "id": 14055508624,
              "init_bindings": null
            }
          },
          "path": "app"
        },
        {
          "method": {
            "name": "rerank",
            "obj": {
              "cls": {
                "bases": null,
                "module": {
                  "module_name": "examples.dev.dummy_app.reranker",
                  "package_name": "examples.dev.dummy_app"
                },
                "name": "DummyReranker"
              },
              "id": 5769083280,
              "init_bindings": null
            }
          },
          "path": "app.reranker"
        }
      ],
      "tid": 17185162
    },
    {
      "args": {
        "data": "Relevant chunk: HELLO"
      },
      "call_id": "df752362-8fd2-47f0-b0c6-27b341dcebea",
      "error": null,
      "perf": {
        "end_time": "2024-10-03T15:27:27.342273",
        "start_time": "2024-10-03T15:27:27.339822"
      },
      "pid": 84831,
      "rets": "<table>\n\n            <tr>\n                <td>examples.dev.dummy_app.tool</td>\n                <td>save_stack</td>\n            </tr>\n            \n            <tr>\n                <td>examples.dev.dummy_app.tool</td>\n                <td>invoke</td>\n            </tr>\n            \n            <tr>\n                <td>examples.dev.dummy_app.app</td>\n                <td>process_chunk_by_tool</td>\n            </tr>\n            \n            <tr>\n                <td>examples.dev.dummy_app.app</td>\n                <td><genexpr></td>\n            </tr>\n            \n            <tr>\n                <td>examples.dev.dummy_app.app</td>\n                <td>get_context</td>\n            </tr>\n            \n            <tr>\n                <td>examples.dev.dummy_app.app</td>\n                <td>respond_to_query</td>\n            </tr>\n            </table>\n",
      "stack": [
        {
          "method": {
            "name": "respond_to_query",
            "obj": {
              "cls": {
                "bases": null,
                "module": {
                  "module_name": "examples.dev.dummy_app.app",
                  "package_name": "examples.dev.dummy_app"
                },
                "name": "DummyApp"
              },
              "id": 14055508624,
              "init_bindings": null
            }
          },
          "path": "app"
        },
        {
          "method": {
            "name": "get_context",
            "obj": {
              "cls": {
                "bases": null,
                "module": {
                  "module_name": "examples.dev.dummy_app.app",
                  "package_name": "examples.dev.dummy_app"
                },
                "name": "DummyApp"
              },
              "id": 14055508624,
              "init_bindings": null
            }
          },
          "path": "app"
        },
        {
          "method": {
            "name": "process_chunk_by_tool",
            "obj": {
              "cls": {
                "bases": null,
                "module": {
                  "module_name": "examples.dev.dummy_app.app",
                  "package_name": "examples.dev.dummy_app"
                },
                "name": "DummyApp"
              },
              "id": 14055508624,
              "init_bindings": null
            }
          },
          "path": "app"
        },
        {
          "method": {
            "name": "invoke",
            "obj": {
              "cls": {
                "bases": null,
                "module": {
                  "module_name": "examples.dev.dummy_app.tool",
                  "package_name": "examples.dev.dummy_app"
                },
                "name": "DummyStackTool"
              },
              "id": 5200576080,
              "init_bindings": null
            }
          },
          "path": "app.tools[0]"
        }
      ],
      "tid": 17185162
    },
    {
      "args": {
        "chunk_and_score": [
          "Relevant chunk: HELLO",
          16.0
        ],
        "tool_num": 0
      },
      "call_id": "d5831e84-3f1e-41d9-b01b-87448c6b2545",
      "error": null,
      "perf": {
        "end_time": "2024-10-03T15:27:27.342305",
        "start_time": "2024-10-03T15:27:27.335197"
      },
      "pid": 84831,
      "rets": "<table>\n\n            <tr>\n                <td>examples.dev.dummy_app.tool</td>\n                <td>save_stack</td>\n            </tr>\n            \n            <tr>\n                <td>examples.dev.dummy_app.tool</td>\n                <td>invoke</td>\n            </tr>\n            \n            <tr>\n                <td>examples.dev.dummy_app.app</td>\n                <td>process_chunk_by_tool</td>\n            </tr>\n            \n            <tr>\n                <td>examples.dev.dummy_app.app</td>\n                <td><genexpr></td>\n            </tr>\n            \n            <tr>\n                <td>examples.dev.dummy_app.app</td>\n                <td>get_context</td>\n            </tr>\n            \n            <tr>\n                <td>examples.dev.dummy_app.app</td>\n                <td>respond_to_query</td>\n            </tr>\n            </table>\n",
      "stack": [
        {
          "method": {
            "name": "respond_to_query",
            "obj": {
              "cls": {
                "bases": null,
                "module": {
                  "module_name": "examples.dev.dummy_app.app",
                  "package_name": "examples.dev.dummy_app"
                },
                "name": "DummyApp"
              },
              "id": 14055508624,
              "init_bindings": null
            }
          },
          "path": "app"
        },
        {
          "method": {
            "name": "get_context",
            "obj": {
              "cls": {
                "bases": null,
                "module": {
                  "module_name": "examples.dev.dummy_app.app",
                  "package_name": "examples.dev.dummy_app"
                },
                "name": "DummyApp"
              },
              "id": 14055508624,
              "init_bindings": null
            }
          },
          "path": "app"
        },
        {
          "method": {
            "name": "process_chunk_by_tool",
            "obj": {
              "cls": {
                "bases": null,
                "module": {
                  "module_name": "examples.dev.dummy_app.app",
                  "package_name": "examples.dev.dummy_app"
                },
                "name": "DummyApp"
              },
              "id": 14055508624,
              "init_bindings": null
            }
          },
          "path": "app"
        }
      ],
      "tid": 17185162
    },
    {
      "args": {
        "data": "Relevant chunk: olleholleholleh"
      },
      "call_id": "461330f4-870e-42e2-843e-cf26d3944cdf",
      "error": null,
      "perf": {
        "end_time": "2024-10-03T15:27:27.351232",
        "start_time": "2024-10-03T15:27:27.350143"
      },
      "pid": 84831,
      "rets": "Relevant chunk: olleholleholleh",
      "stack": [
        {
          "method": {
            "name": "respond_to_query",
            "obj": {
              "cls": {
                "bases": null,
                "module": {
                  "module_name": "examples.dev.dummy_app.app",
                  "package_name": "examples.dev.dummy_app"
                },
                "name": "DummyApp"
              },
              "id": 14055508624,
              "init_bindings": null
            }
          },
          "path": "app"
        },
        {
          "method": {
            "name": "get_context",
            "obj": {
              "cls": {
                "bases": null,
                "module": {
                  "module_name": "examples.dev.dummy_app.app",
                  "package_name": "examples.dev.dummy_app"
                },
                "name": "DummyApp"
              },
              "id": 14055508624,
              "init_bindings": null
            }
          },
          "path": "app"
        },
        {
          "method": {
            "name": "process_chunk_by_tool",
            "obj": {
              "cls": {
                "bases": null,
                "module": {
                  "module_name": "examples.dev.dummy_app.app",
                  "package_name": "examples.dev.dummy_app"
                },
                "name": "DummyApp"
              },
              "id": 14055508624,
              "init_bindings": null
            }
          },
          "path": "app"
        },
        {
          "method": {
            "name": "invoke",
            "obj": {
              "cls": {
                "bases": null,
                "module": {
                  "module_name": "examples.dev.dummy_app.tool",
                  "package_name": "examples.dev.dummy_app"
                },
                "name": "DummyTool"
              },
              "id": 14055506896,
              "init_bindings": null
            }
          },
          "path": "app.tools[1]"
        }
      ],
      "tid": 17185162
    },
    {
      "args": {
        "chunk_and_score": [
          "Relevant chunk: olleholleholleh",
          26.0
        ],
        "tool_num": 1
      },
      "call_id": "6dc0b241-763c-4f96-8052-9607f2e29227",
      "error": null,
      "perf": {
        "end_time": "2024-10-03T15:27:27.351262",
        "start_time": "2024-10-03T15:27:27.345538"
      },
      "pid": 84831,
      "rets": "Relevant chunk: olleholleholleh",
      "stack": [
        {
          "method": {
            "name": "respond_to_query",
            "obj": {
              "cls": {
                "bases": null,
                "module": {
                  "module_name": "examples.dev.dummy_app.app",
                  "package_name": "examples.dev.dummy_app"
                },
                "name": "DummyApp"
              },
              "id": 14055508624,
              "init_bindings": null
            }
          },
          "path": "app"
        },
        {
          "method": {
            "name": "get_context",
            "obj": {
              "cls": {
                "bases": null,
                "module": {
                  "module_name": "examples.dev.dummy_app.app",
                  "package_name": "examples.dev.dummy_app"
                },
                "name": "DummyApp"
              },
              "id": 14055508624,
              "init_bindings": null
            }
          },
          "path": "app"
        },
        {
          "method": {
            "name": "process_chunk_by_tool",
            "obj": {
              "cls": {
                "bases": null,
                "module": {
                  "module_name": "examples.dev.dummy_app.app",
                  "package_name": "examples.dev.dummy_app"
                },
                "name": "DummyApp"
              },
              "id": 14055508624,
              "init_bindings": null
            }
          },
          "path": "app"
        }
      ],
      "tid": 17185162
    },
    {
      "args": {
        "query": "hello"
      },
      "call_id": "c60ca44d-48de-4092-b895-51ab7a62c2f1",
      "error": null,
      "perf": {
        "end_time": "2024-10-03T15:27:27.351281",
        "start_time": "2024-10-03T15:27:27.323018"
      },
      "pid": 84831,
      "rets": [
        "<table>\n\n            <tr>\n                <td>examples.dev.dummy_app.tool</td>\n                <td>save_stack</td>\n            </tr>\n            \n            <tr>\n                <td>examples.dev.dummy_app.tool</td>\n                <td>invoke</td>\n            </tr>\n            \n            <tr>\n                <td>examples.dev.dummy_app.app</td>\n                <td>process_chunk_by_tool</td>\n            </tr>\n            \n            <tr>\n                <td>examples.dev.dummy_app.app</td>\n                <td><genexpr></td>\n            </tr>\n            \n            <tr>\n                <td>examples.dev.dummy_app.app</td>\n                <td>get_context</td>\n            </tr>\n            \n            <tr>\n                <td>examples.dev.dummy_app.app</td>\n                <td>respond_to_query</td>\n            </tr>\n            </table>\n",
        "Relevant chunk: olleholleholleh"
      ],
      "stack": [
        {
          "method": {
            "name": "respond_to_query",
            "obj": {
              "cls": {
                "bases": null,
                "module": {
                  "module_name": "examples.dev.dummy_app.app",
                  "package_name": "examples.dev.dummy_app"
                },
                "name": "DummyApp"
              },
              "id": 14055508624,
              "init_bindings": null
            }
          },
          "path": "app"
        },
        {
          "method": {
            "name": "get_context",
            "obj": {
              "cls": {
                "bases": null,
                "module": {
                  "module_name": "examples.dev.dummy_app.app",
                  "package_name": "examples.dev.dummy_app"
                },
                "name": "DummyApp"
              },
              "id": 14055508624,
              "init_bindings": null
            }
          },
          "path": "app"
        }
      ],
      "tid": 17185162
    },
    {
      "args": {
        "data": "hello"
      },
      "call_id": "adc6af0c-6fed-402a-a11a-9ac0718f6def",
      "error": null,
      "perf": {
        "end_time": "2024-10-03T15:27:27.354756",
        "start_time": "2024-10-03T15:27:27.353937"
      },
      "pid": 84831,
      "rets": null,
      "stack": [
        {
          "method": {
            "name": "respond_to_query",
            "obj": {
              "cls": {
                "bases": null,
                "module": {
                  "module_name": "examples.dev.dummy_app.app",
                  "package_name": "examples.dev.dummy_app"
                },
                "name": "DummyApp"
              },
              "id": 14055508624,
              "init_bindings": null
            }
          },
          "path": "app"
        },
        {
          "method": {
            "name": "remember",
            "obj": {
              "cls": {
                "bases": null,
                "module": {
                  "module_name": "examples.dev.dummy_app.memory",
                  "package_name": "examples.dev.dummy_app"
                },
                "name": "DummyMemory"
              },
              "id": 14055508048,
              "init_bindings": null
            }
          },
          "path": "app.memory"
        }
      ],
      "tid": 17185162
    },
    {
      "args": {
        "prompt": "<table>\n\n            <tr>\n                <td>examples.dev.dummy_app.tool</td>\n                <td>save_stack</td>\n            </tr>\n            \n            <tr>\n                <td>examples.dev.dummy_app.tool</td>\n                <td>invoke</td>\n            </tr>\n            \n            <tr>\n                <td>examples.dev.dummy_app.app</td>\n                <td>process_chunk_by_tool</td>\n            </tr>\n            \n            <tr>\n                <td>examples.dev.dummy_app.app</td>\n                <td><genexpr></td>\n            </tr>\n            \n            <tr>\n                <td>examples.dev.dummy_app.app</td>\n                <td>get_context</td>\n            </tr>\n            \n            <tr>\n                <td>examples.dev.dummy_app.app</td>\n                <td>respond_to_query</td>\n            </tr>\n            </table>\n,Relevant chunk: olleholleholleh"
      },
      "call_id": "6d11950f-969f-4cc7-acb1-663ad932d2ad",
      "error": null,
      "perf": {
        "end_time": "2024-10-03T15:27:27.359432",
        "start_time": "2024-10-03T15:27:27.357508"
      },
      "pid": 84831,
      "rets": "\nFirst an integer: 2 . Also, this is my response to a prompt of length\n880 with a model derp with temperature 0.5. Also, here is\nan integer in case this is being used as a score: 2\n",
      "stack": [
        {
          "method": {
            "name": "respond_to_query",
            "obj": {
              "cls": {
                "bases": null,
                "module": {
                  "module_name": "examples.dev.dummy_app.app",
                  "package_name": "examples.dev.dummy_app"
                },
                "name": "DummyApp"
              },
              "id": 14055508624,
              "init_bindings": null
            }
          },
          "path": "app"
        },
        {
          "method": {
            "name": "generate",
            "obj": {
              "cls": {
                "bases": null,
                "module": {
                  "module_name": "examples.dev.dummy_app.llm",
                  "package_name": "examples.dev.dummy_app"
                },
                "name": "DummyLLM"
              },
              "id": 5769071952,
              "init_bindings": null
            }
          },
          "path": "app.llm"
        }
      ],
      "tid": 17185162
    },
    {
      "args": {
        "context": "\nFirst an integer: 2 . Also, this is my response to a prompt of length\n880 with a model derp with temperature 0.5. Also, here is\nan integer in case this is being used as a score: 2\n",
        "question": "hello"
      },
      "call_id": "4edd0e12-2659-42ca-b6b3-0f7d77a29fbe",
      "error": null,
      "perf": {
        "end_time": "2024-10-03T15:27:27.362927",
        "start_time": "2024-10-03T15:27:27.362094"
      },
      "pid": 84831,
      "rets": "Please answer the following question given the context.\nQUESTION: hello\nCONTEXT: \nFirst an integer: 2 . Also, this is my response to a prompt of length\n880 with a model derp with temperature 0.5. Also, here is\nan integer in case this is being used as a score: 2\n\n",
      "stack": [
        {
          "method": {
            "name": "respond_to_query",
            "obj": {
              "cls": {
                "bases": null,
                "module": {
                  "module_name": "examples.dev.dummy_app.app",
                  "package_name": "examples.dev.dummy_app"
                },
                "name": "DummyApp"
              },
              "id": 14055508624,
              "init_bindings": null
            }
          },
          "path": "app"
        },
        {
          "method": {
            "name": "fill",
            "obj": {
              "cls": {
                "bases": null,
                "module": {
                  "module_name": "examples.dev.dummy_app.template",
                  "package_name": "examples.dev.dummy_app"
                },
                "name": "DummyTemplate"
              },
              "id": 5769082384,
              "init_bindings": null
            }
          },
          "path": "app.template"
        }
      ],
      "tid": 17185162
    },
    {
      "args": {
        "prompt": "Please answer the following question given the context.\nQUESTION: hello\nCONTEXT: \nFirst an integer: 2 . Also, this is my response to a prompt of length\n880 with a model derp with temperature 0.5. Also, here is\nan integer in case this is being used as a score: 2\n\n"
      },
      "call_id": "ec81a05e-c7a9-4cfe-a6c2-afa8027e0216",
      "error": null,
      "perf": {
        "end_time": "2024-10-03T15:27:27.367278",
        "start_time": "2024-10-03T15:27:27.365592"
      },
      "pid": 84831,
      "rets": "\nFirst an integer: 2 . Also, this is my response to a prompt of length\n263 with a model derp with temperature 0.5. Also, here is\nan integer in case this is being used as a score: 2\n",
      "stack": [
        {
          "method": {
            "name": "respond_to_query",
            "obj": {
              "cls": {
                "bases": null,
                "module": {
                  "module_name": "examples.dev.dummy_app.app",
                  "package_name": "examples.dev.dummy_app"
                },
                "name": "DummyApp"
              },
              "id": 14055508624,
              "init_bindings": null
            }
          },
          "path": "app"
        },
        {
          "method": {
            "name": "generate",
            "obj": {
              "cls": {
                "bases": null,
                "module": {
                  "module_name": "examples.dev.dummy_app.llm",
                  "package_name": "examples.dev.dummy_app"
                },
                "name": "DummyLLM"
              },
              "id": 5769071952,
              "init_bindings": null
            }
          },
          "path": "app.llm"
        }
      ],
      "tid": 17185162
    },
    {
      "args": {
        "data": "\nFirst an integer: 2 . Also, this is my response to a prompt of length\n263 with a model derp with temperature 0.5. Also, here is\nan integer in case this is being used as a score: 2\n"
      },
      "call_id": "a70e9e5c-0bcc-4c36-ae04-3d6b51ec234a",
      "error": null,
      "perf": {
        "end_time": "2024-10-03T15:27:27.370776",
        "start_time": "2024-10-03T15:27:27.369947"
      },
      "pid": 84831,
      "rets": null,
      "stack": [
        {
          "method": {
            "name": "respond_to_query",
            "obj": {
              "cls": {
                "bases": null,
                "module": {
                  "module_name": "examples.dev.dummy_app.app",
                  "package_name": "examples.dev.dummy_app"
                },
                "name": "DummyApp"
              },
              "id": 14055508624,
              "init_bindings": null
            }
          },
          "path": "app"
        },
        {
          "method": {
            "name": "remember",
            "obj": {
              "cls": {
                "bases": null,
                "module": {
                  "module_name": "examples.dev.dummy_app.memory",
                  "package_name": "examples.dev.dummy_app"
                },
                "name": "DummyMemory"
              },
              "id": 14055508048,
              "init_bindings": null
            }
          },
          "path": "app.memory"
        }
      ],
      "tid": 17185162
    },
    {
      "args": {
        "query": "hello"
      },
      "call_id": "8c6092ba-3d42-4831-820b-d1bf67c3fee7",
      "error": null,
      "perf": {
        "end_time": "2024-10-03T15:27:27.370798",
        "start_time": "2024-10-03T15:27:26.314358"
      },
      "pid": 84831,
      "rets": "\nFirst an integer: 2 . Also, this is my response to a prompt of length\n263 with a model derp with temperature 0.5. Also, here is\nan integer in case this is being used as a score: 2\n",
      "stack": [
        {
          "method": {
            "name": "respond_to_query",
            "obj": {
              "cls": {
                "bases": null,
                "module": {
                  "module_name": "examples.dev.dummy_app.app",
                  "package_name": "examples.dev.dummy_app"
                },
                "name": "DummyApp"
              },
              "id": 14055508624,
              "init_bindings": null
            }
          },
          "path": "app"
        }
      ],
      "tid": 17185162
    }
  ],
  "cost": {
    "cost": 0.0,
    "cost_currency": "USD",
    "n_classes": 0,
    "n_completion_tokens": 0,
    "n_cortext_guardrails_tokens": 0,
    "n_prompt_tokens": 0,
    "n_requests": 0,
    "n_stream_chunks": 0,
    "n_successful_requests": 0,
    "n_tokens": 0
  },
  "main_error": null,
  "main_input": "hello",
  "main_output": "\nFirst an integer: 2 . Also, this is my response to a prompt of length\n263 with a model derp with temperature 0.5. Also, here is\nan integer in case this is being used as a score: 2\n",
  "meta": null,
  "perf": {
    "end_time": "2024-10-03T15:27:27.370798",
    "start_time": "2024-10-03T15:27:26.314358"
  },
  "record_id": "record_hash_eeeda24537ef3a686d03ee9bb8ef76af",
  "tags": "-",
  "ts": "2024-10-03T15:27:27.370837"
}
